---
 arch/arm64/configs/vendor/seraph_GKI.config | 12 ++++++++++++
 modules.list.msm.seraph                     |  5 +++++
 seraph.bzl                                  |  8 ++++++++
 3 files changed, 25 insertions(+)

diff --git a/arch/arm64/configs/vendor/seraph_GKI.config b/arch/arm64/configs/vendor/seraph_GKI.config
index 72e45194d1b10..acc365d836bba 100644
--- a/arch/arm64/configs/vendor/seraph_GKI.config
+++ b/arch/arm64/configs/vendor/seraph_GKI.config
@@ -118,11 +118,15 @@ CONFIG_PWM_QTI_LPG=m
 CONFIG_QCOM_AOSS_QMP=m
 CONFIG_QCOM_BALANCE_ANON_FILE_RECLAIM=y
 CONFIG_QCOM_BAM_DMA=m
+CONFIG_QCOM_BWMON=m
 CONFIG_QCOM_CLK_RPMH=m
 CONFIG_QCOM_COMMAND_DB=m
+CONFIG_QCOM_CPUCP=m
 CONFIG_QCOM_CPUSS_SLEEP_STATS=m
 CONFIG_QCOM_CPU_VENDOR_HOOKS=m
 CONFIG_QCOM_DCC_V2=m
+CONFIG_QCOM_DCVS=m
+CONFIG_QCOM_DCVS_FP=m
 CONFIG_QCOM_DEBUG_SYMBOL=m
 CONFIG_QCOM_DMABUF_HEAPS=m
 CONFIG_QCOM_DMABUF_HEAPS_CARVEOUT=y
@@ -148,9 +152,11 @@ CONFIG_QCOM_IPCC=m
 CONFIG_QCOM_IRQ_STAT=y
 CONFIG_QCOM_LAZY_MAPPING=m
 CONFIG_QCOM_LLCC=m
+CONFIG_QCOM_LLCC_PMU=m
 CONFIG_QCOM_LOGBUF_BOOTLOG=m
 CONFIG_QCOM_LOGBUF_VENDOR_HOOKS=m
 CONFIG_QCOM_MDT_LOADER=m
+CONFIG_QCOM_MEMLAT=m
 CONFIG_QCOM_MEMORY_DUMP_V2=m
 CONFIG_QCOM_MEM_BUF=m
 CONFIG_QCOM_MEM_BUF_DEV=m
@@ -173,6 +179,7 @@ CONFIG_QCOM_PANIC_ON_PDR_NOTIF_TIMEOUT=y
 CONFIG_QCOM_PDC=m
 CONFIG_QCOM_PDR_HELPERS=m
 CONFIG_QCOM_PIL_INFO=m
+CONFIG_QCOM_PMU_LIB=m
 CONFIG_QCOM_POWER_TELEMETRY_FRAMEWORK=m
 CONFIG_QCOM_POWER_TELEMETRY_HW_V2=m
 CONFIG_QCOM_Q6V5_COMMON=m
@@ -214,6 +221,7 @@ CONFIG_QRTR_SMD=m
 # CONFIG_QRTR_TUN is not set
 CONFIG_QRTR_WAKEUP_MS=0
 CONFIG_QTI_BCL_PMIC5=m
+CONFIG_QTI_CPUCP_LOG=m
 CONFIG_QTI_CPUFREQ_CDEV=m
 CONFIG_QTI_CPU_HOTPLUG_COOLING_DEVICE=m
 CONFIG_QTI_CPU_PAUSE_COOLING_DEVICE=m
@@ -225,6 +233,10 @@ CONFIG_QTI_IOMMU_SUPPORT=m
 # CONFIG_QTI_PMIC_EUSB2_REPEATER is not set
 CONFIG_QTI_QMI_COOLING_DEVICE=m
 # CONFIG_QTI_QMI_SENSOR is not set
+# CONFIG_QTI_SCMI_C1DCVS_PROTOCOL is not set
+# CONFIG_QTI_SCMI_PLH_PROTOCOL is not set
+# CONFIG_QTI_SCMI_PMU_PROTOCOL is not set
+# CONFIG_QTI_SCMI_VENDOR_PROTOCOL is not set
 CONFIG_QTI_SYS_PM_VX=m
 CONFIG_QTI_THERMALZONE_CONFIG_DEBUG=m
 # CONFIG_QTI_THERMAL_MINIDUMP is not set
diff --git a/modules.list.msm.seraph b/modules.list.msm.seraph
index 5d6c225a270e9..96efe6e219968 100644
--- a/modules.list.msm.seraph
+++ b/modules.list.msm.seraph
@@ -10,6 +10,8 @@ smem.ko
 socinfo.ko
 clk-dummy.ko
 clk-qcom.ko
+qcom_cpucp.ko
+qcom_llcc_pmu.ko
 dcc_v2.ko
 memory_dump_v2.ko
 cqhci.ko
@@ -19,6 +21,9 @@ cmd-db.ko
 qcom_rpmh.ko
 icc-bcm-voter.ko
 icc-rpmh.ko
+qcom-pmu-lib.ko
+dcvs_fp.ko
+qcom-dcvs.ko
 icc-debug.ko
 qnoc-qos.ko
 qnoc-seraph.ko
diff --git a/seraph.bzl b/seraph.bzl
index 84c3a8205df3a..18064c3d949be 100644
--- a/seraph.bzl
+++ b/seraph.bzl
@@ -79,6 +79,7 @@ def define_seraph():
         "drivers/nvmem/nvmem_qcom-spmi-sdam.ko",
         "drivers/nvmem/nvmem_qfprom.ko",
         "drivers/pci/controller/pci-msm-drv.ko",
+        "drivers/perf/qcom_llcc_pmu.ko",
         "drivers/pinctrl/qcom/pinctrl-msm.ko",
         "drivers/pinctrl/qcom/pinctrl-seraph.ko",
         "drivers/pinctrl/qcom/pinctrl-spmi-gpio.ko",
@@ -112,8 +113,14 @@ def define_seraph():
         "drivers/soc/qcom/boot_stats.ko",
         "drivers/soc/qcom/cmd-db.ko",
         "drivers/soc/qcom/core_hang_detect.ko",
+        "drivers/soc/qcom/cpucp_log.ko",
         "drivers/soc/qcom/crypto-qti.ko",
         "drivers/soc/qcom/dcc_v2.ko",
+        "drivers/soc/qcom/dcvs/bwmon.ko",
+        "drivers/soc/qcom/dcvs/dcvs_fp.ko",
+        "drivers/soc/qcom/dcvs/memlat.ko",
+        "drivers/soc/qcom/dcvs/qcom-dcvs.ko",
+        "drivers/soc/qcom/dcvs/qcom-pmu-lib.ko",
         "drivers/soc/qcom/debug_symbol.ko",
         "drivers/soc/qcom/eud.ko",
         "drivers/soc/qcom/gh_tlmm_vm_mem_access.ko",
@@ -133,6 +140,7 @@ def define_seraph():
         "drivers/soc/qcom/pdr_interface.ko",
         "drivers/soc/qcom/qcom_aoss.ko",
         "drivers/soc/qcom/qcom_cpu_vendor_hooks.ko",
+        "drivers/soc/qcom/qcom_cpucp.ko",
         "drivers/soc/qcom/qcom_cpuss_sleep_stats.ko",
         "drivers/soc/qcom/qcom_logbuf_boot_log.ko",
         "drivers/soc/qcom/qcom_logbuf_vendor_hooks.ko",
-- 
GitLab


