[2025-07-20 04:28:09] === Download Session Started ===
[2025-07-20 04:28:09] Current User: SekaiMoe
[2025-07-20 04:28:09] Timestamp (UTC): 2025-07-20 04:24:35
[2025-07-20 04:28:09] Base URL: https://github.com/OnePlus-12-Development/android_kernel_oneplus_sm8650/raw/lineage-22.2
[2025-07-20 04:28:09] Downloading: https://github.com/OnePlus-12-Development/android_kernel_oneplus_sm8650/raw/lineage-22.2/android/abi_gki_aarch64.stg
[2025-07-20 04:28:09] To: android/abi_gki_aarch64.stg
[2025-07-20 04:28:17] Successfully downloaded: android/abi_gki_aarch64.stg
[2025-07-20 04:28:17] Downloading: https://github.com/OnePlus-12-Development/android_kernel_oneplus_sm8650/raw/lineage-22.2/android/abi_gki_aarch64_qcom
[2025-07-20 04:28:17] To: android/abi_gki_aarch64_qcom
[2025-07-20 04:28:20] Successfully downloaded: android/abi_gki_aarch64_qcom
[2025-07-20 04:28:20] Downloading: https://github.com/OnePlus-12-Development/android_kernel_oneplus_sm8650/raw/lineage-22.2/android/abi_gki_aarch64_zebra
[2025-07-20 04:28:20] To: android/abi_gki_aarch64_zebra
[2025-07-20 04:28:23] Successfully downloaded: android/abi_gki_aarch64_zebra
[2025-07-20 04:28:23] Downloading: https://github.com/OnePlus-12-Development/android_kernel_oneplus_sm8650/raw/lineage-22.2/arch/arm64/configs/vendor/seraph_GKI.config
[2025-07-20 04:28:23] To: arch/arm64/configs/vendor/seraph_GKI.config
[2025-07-20 04:28:25] Successfully downloaded: arch/arm64/configs/vendor/seraph_GKI.config
[2025-07-20 04:28:25] Downloading: https://github.com/OnePlus-12-Development/android_kernel_oneplus_sm8650/raw/lineage-22.2/drivers/android/vendor_hooks.c
[2025-07-20 04:28:25] To: drivers/android/vendor_hooks.c
[2025-07-20 04:28:29] Successfully downloaded: drivers/android/vendor_hooks.c
[2025-07-20 04:28:29] Downloading: https://github.com/OnePlus-12-Development/android_kernel_oneplus_sm8650/raw/lineage-22.2/drivers/clk/qcom/clk-alpha-pll.c
[2025-07-20 04:28:29] To: drivers/clk/qcom/clk-alpha-pll.c
[2025-07-20 04:28:39] Successfully downloaded: drivers/clk/qcom/clk-alpha-pll.c
[2025-07-20 04:28:39] Downloading: https://github.com/OnePlus-12-Development/android_kernel_oneplus_sm8650/raw/lineage-22.2/drivers/misc/rtimd-i2c/rtimd-i2c.c
[2025-07-20 04:28:39] To: drivers/misc/rtimd-i2c/rtimd-i2c.c
[2025-07-20 04:28:41] Successfully downloaded: drivers/misc/rtimd-i2c/rtimd-i2c.c
[2025-07-20 04:28:41] Downloading: https://github.com/OnePlus-12-Development/android_kernel_oneplus_sm8650/raw/lineage-22.2/drivers/mmc/host/sdhci-msm.c
[2025-07-20 04:28:41] To: drivers/mmc/host/sdhci-msm.c
[2025-07-20 04:28:43] Successfully downloaded: drivers/mmc/host/sdhci-msm.c
[2025-07-20 04:28:44] Downloading: https://github.com/OnePlus-12-Development/android_kernel_oneplus_sm8650/raw/lineage-22.2/drivers/pinctrl/qcom/pinctrl-msm.c
[2025-07-20 04:28:44] To: drivers/pinctrl/qcom/pinctrl-msm.c
[2025-07-20 04:28:46] Successfully downloaded: drivers/pinctrl/qcom/pinctrl-msm.c
[2025-07-20 04:28:46] Downloading: https://github.com/OnePlus-12-Development/android_kernel_oneplus_sm8650/raw/lineage-22.2/drivers/remoteproc/qcom_q6v5_mss.c
[2025-07-20 04:28:46] To: drivers/remoteproc/qcom_q6v5_mss.c
[2025-07-20 04:28:50] Successfully downloaded: drivers/remoteproc/qcom_q6v5_mss.c
[2025-07-20 04:28:50] Downloading: https://github.com/OnePlus-12-Development/android_kernel_oneplus_sm8650/raw/lineage-22.2/drivers/virt/gunyah/gh_main.c
[2025-07-20 04:28:50] To: drivers/virt/gunyah/gh_main.c
[2025-07-20 04:28:55] Successfully downloaded: drivers/virt/gunyah/gh_main.c
[2025-07-20 04:28:55] Downloading: https://github.com/OnePlus-12-Development/android_kernel_oneplus_sm8650/raw/lineage-22.2/include/linux/gunyah/gh_vm.h
[2025-07-20 04:28:55] To: include/linux/gunyah/gh_vm.h
[2025-07-20 04:29:07] Successfully downloaded: include/linux/gunyah/gh_vm.h
[2025-07-20 04:29:07] Downloading: https://github.com/OnePlus-12-Development/android_kernel_oneplus_sm8650/raw/lineage-22.2/include/trace/hooks/vmscan.h
[2025-07-20 04:29:07] To: include/trace/hooks/vmscan.h
[2025-07-20 04:29:10] Successfully downloaded: include/trace/hooks/vmscan.h
[2025-07-20 04:29:10] Downloading: https://github.com/OnePlus-12-Development/android_kernel_oneplus_sm8650/raw/lineage-22.2/include/uapi/linux/userfaultfd.h
[2025-07-20 04:29:10] To: include/uapi/linux/userfaultfd.h
[2025-07-20 04:29:13] Successfully downloaded: include/uapi/linux/userfaultfd.h
[2025-07-20 04:29:13] Downloading: https://github.com/OnePlus-12-Development/android_kernel_oneplus_sm8650/raw/lineage-22.2/seraph.bzl
[2025-07-20 04:29:13] To: seraph.bzl
[2025-07-20 04:29:21] Successfully downloaded: seraph.bzl
[2025-07-20 04:29:21] === Download Session Complete ===
[2025-07-20 04:29:21] Successful downloads: 15
[2025-07-20 04:29:21] Failed downloads: 0
[2025-07-20 04:29:21] End Time (UTC): 2025-07-20 04:29:21
